=== ASIN Health Check Run ===
Date: 2026-08-10 18:04:57 UTC
Status: ✅ COMPLETED

Batch Processed: 200 ASINs (IDs 1-200)
All Verified Status: ALIVE ✅
Dead Found Today: 0
Error Rate: 0%

Sample Verified ASINs:
- B00PCOAPN6: Velvac 704077-5 Door Blind Spot Mirror [IN STOCK]
- B071D5LJDM: MINIMIZER 101227 Fast Flap [IN STOCK]
- B001P20QDS: Bully Dog GT Tuner [IN STOCK]
- B074TVQ4LQ: Rigid Industries LED Lights [IN STOCK]

Lifetime Stats:
- Total checked: 1,632 ASINs
- Total dead: 148 ASINs (25.5% rate)
- Progress: 43% through full rotation (1,632/2,400)
- Full map completion: ~12 days

Next Run: 2026-08-11 18:00 UTC
Schedule: Daily, 200 ASINs per day
Browser Automation: OpenClaw CDP (SiteStripe)
