node:internal/modules/cjs/loader:1386
  throw err;
  ^

Error: Cannot find module '/home/ubuntu/.openclaw/workspace/scripts/bartact-blog-daily.js'
    at Function._resolveFilename (node:internal/modules/cjs/loader:1383:15)
    at defaultResolveImpl (node:internal/modules/cjs/loader:1025:19)
    at resolveForCJSWithHooks (node:internal/modules/cjs/loader:1030:22)
    at Function._load (node:internal/modules/cjs/loader:1192:37)
    at TracingChannel.traceSync (node:diagnostics_channel:328:14)
    at wrapModuleLoad (node:internal/modules/cjs/loader:237:24)
    at Function.executeUserEntryPoint [as runMain] (node:internal/modules/run_main:171:5)
    at node:internal/main/run_main_module:36:49 {
  code: 'MODULE_NOT_FOUND',
  requireStack: []
}

Node.js v22.22.1
node:internal/modules/cjs/loader:1386
  throw err;
  ^

Error: Cannot find module '/home/ubuntu/.openclaw/workspace/scripts/bartact-blog-daily.js'
    at Function._resolveFilename (node:internal/modules/cjs/loader:1383:15)
    at defaultResolveImpl (node:internal/modules/cjs/loader:1025:19)
    at resolveForCJSWithHooks (node:internal/modules/cjs/loader:1030:22)
    at Function._load (node:internal/modules/cjs/loader:1192:37)
    at TracingChannel.traceSync (node:diagnostics_channel:328:14)
    at wrapModuleLoad (node:internal/modules/cjs/loader:237:24)
    at Function.executeUserEntryPoint [as runMain] (node:internal/modules/run_main:171:5)
    at node:internal/main/run_main_module:36:49 {
  code: 'MODULE_NOT_FOUND',
  requireStack: []
}

Node.js v22.22.1
node:internal/modules/cjs/loader:1386
  throw err;
  ^

Error: Cannot find module '/home/ubuntu/.openclaw/workspace/scripts/bartact-blog-daily.js'
    at Function._resolveFilename (node:internal/modules/cjs/loader:1383:15)
    at defaultResolveImpl (node:internal/modules/cjs/loader:1025:19)
    at resolveForCJSWithHooks (node:internal/modules/cjs/loader:1030:22)
    at Function._load (node:internal/modules/cjs/loader:1192:37)
    at TracingChannel.traceSync (node:diagnostics_channel:328:14)
    at wrapModuleLoad (node:internal/modules/cjs/loader:237:24)
    at Function.executeUserEntryPoint [as runMain] (node:internal/modules/run_main:171:5)
    at node:internal/main/run_main_module:36:49 {
  code: 'MODULE_NOT_FOUND',
  requireStack: []
}

Node.js v22.22.1
node:internal/modules/cjs/loader:1386
  throw err;
  ^

Error: Cannot find module '/home/ubuntu/.openclaw/workspace/scripts/bartact-blog-daily.js'
    at Function._resolveFilename (node:internal/modules/cjs/loader:1383:15)
    at defaultResolveImpl (node:internal/modules/cjs/loader:1025:19)
    at resolveForCJSWithHooks (node:internal/modules/cjs/loader:1030:22)
    at Function._load (node:internal/modules/cjs/loader:1192:37)
    at TracingChannel.traceSync (node:diagnostics_channel:328:14)
    at wrapModuleLoad (node:internal/modules/cjs/loader:237:24)
    at Function.executeUserEntryPoint [as runMain] (node:internal/modules/run_main:171:5)
    at node:internal/main/run_main_module:36:49 {
  code: 'MODULE_NOT_FOUND',
  requireStack: []
}

Node.js v22.22.1
node:internal/modules/cjs/loader:1386
  throw err;
  ^

Error: Cannot find module '/home/ubuntu/.openclaw/workspace/scripts/bartact-blog-daily.js'
    at Function._resolveFilename (node:internal/modules/cjs/loader:1383:15)
    at defaultResolveImpl (node:internal/modules/cjs/loader:1025:19)
    at resolveForCJSWithHooks (node:internal/modules/cjs/loader:1030:22)
    at Function._load (node:internal/modules/cjs/loader:1192:37)
    at TracingChannel.traceSync (node:diagnostics_channel:328:14)
    at wrapModuleLoad (node:internal/modules/cjs/loader:237:24)
    at Function.executeUserEntryPoint [as runMain] (node:internal/modules/run_main:171:5)
    at node:internal/main/run_main_module:36:49 {
  code: 'MODULE_NOT_FOUND',
  requireStack: []
}

Node.js v22.22.1
node:internal/modules/cjs/loader:1386
  throw err;
  ^

Error: Cannot find module '/home/ubuntu/.openclaw/workspace/scripts/bartact-blog-daily.js'
    at Function._resolveFilename (node:internal/modules/cjs/loader:1383:15)
    at defaultResolveImpl (node:internal/modules/cjs/loader:1025:19)
    at resolveForCJSWithHooks (node:internal/modules/cjs/loader:1030:22)
    at Function._load (node:internal/modules/cjs/loader:1192:37)
    at TracingChannel.traceSync (node:diagnostics_channel:328:14)
    at wrapModuleLoad (node:internal/modules/cjs/loader:237:24)
    at Function.executeUserEntryPoint [as runMain] (node:internal/modules/run_main:171:5)
    at node:internal/main/run_main_module:36:49 {
  code: 'MODULE_NOT_FOUND',
  requireStack: []
}

Node.js v22.22.1
node:internal/modules/cjs/loader:1386
  throw err;
  ^

Error: Cannot find module '/home/ubuntu/.openclaw/workspace/scripts/bartact-blog-daily.js'
    at Function._resolveFilename (node:internal/modules/cjs/loader:1383:15)
    at defaultResolveImpl (node:internal/modules/cjs/loader:1025:19)
    at resolveForCJSWithHooks (node:internal/modules/cjs/loader:1030:22)
    at Function._load (node:internal/modules/cjs/loader:1192:37)
    at TracingChannel.traceSync (node:diagnostics_channel:328:14)
    at wrapModuleLoad (node:internal/modules/cjs/loader:237:24)
    at Function.executeUserEntryPoint [as runMain] (node:internal/modules/run_main:171:5)
    at node:internal/main/run_main_module:36:49 {
  code: 'MODULE_NOT_FOUND',
  requireStack: []
}

Node.js v22.22.1
node:internal/modules/cjs/loader:1386
  throw err;
  ^

Error: Cannot find module '/home/ubuntu/.openclaw/workspace/scripts/bartact-blog-daily.js'
    at Function._resolveFilename (node:internal/modules/cjs/loader:1383:15)
    at defaultResolveImpl (node:internal/modules/cjs/loader:1025:19)
    at resolveForCJSWithHooks (node:internal/modules/cjs/loader:1030:22)
    at Function._load (node:internal/modules/cjs/loader:1192:37)
    at TracingChannel.traceSync (node:diagnostics_channel:328:14)
    at wrapModuleLoad (node:internal/modules/cjs/loader:237:24)
    at Function.executeUserEntryPoint [as runMain] (node:internal/modules/run_main:171:5)
    at node:internal/main/run_main_module:36:49 {
  code: 'MODULE_NOT_FOUND',
  requireStack: []
}

Node.js v22.22.1
node:internal/modules/cjs/loader:1386
  throw err;
  ^

Error: Cannot find module '/home/ubuntu/.openclaw/workspace/scripts/bartact-blog-daily.js'
    at Function._resolveFilename (node:internal/modules/cjs/loader:1383:15)
    at defaultResolveImpl (node:internal/modules/cjs/loader:1025:19)
    at resolveForCJSWithHooks (node:internal/modules/cjs/loader:1030:22)
    at Function._load (node:internal/modules/cjs/loader:1192:37)
    at TracingChannel.traceSync (node:diagnostics_channel:328:14)
    at wrapModuleLoad (node:internal/modules/cjs/loader:237:24)
    at Function.executeUserEntryPoint [as runMain] (node:internal/modules/run_main:171:5)
    at node:internal/main/run_main_module:36:49 {
  code: 'MODULE_NOT_FOUND',
  requireStack: []
}

Node.js v22.22.1
node:internal/modules/cjs/loader:1386
  throw err;
  ^

Error: Cannot find module '/home/ubuntu/.openclaw/workspace/scripts/bartact-blog-daily.js'
    at Function._resolveFilename (node:internal/modules/cjs/loader:1383:15)
    at defaultResolveImpl (node:internal/modules/cjs/loader:1025:19)
    at resolveForCJSWithHooks (node:internal/modules/cjs/loader:1030:22)
    at Function._load (node:internal/modules/cjs/loader:1192:37)
    at TracingChannel.traceSync (node:diagnostics_channel:328:14)
    at wrapModuleLoad (node:internal/modules/cjs/loader:237:24)
    at Function.executeUserEntryPoint [as runMain] (node:internal/modules/run_main:171:5)
    at node:internal/main/run_main_module:36:49 {
  code: 'MODULE_NOT_FOUND',
  requireStack: []
}

Node.js v22.22.1
Publishing: Best Jeep Wrangler JL Seat Covers for 2024 and 2025
{"topic":{"title":"Best Jeep Wrangler JL Seat Covers for 2024 and 2025","handle":"best-jeep-wrangler-jl-seat-covers-2024-2025","primaryCollection":"/collections/jeep-wrangler-jl-seat-covers","keywords":"jeep wrangler jl seat covers"},"nextIndex":0}
Publishing: Jeep Gladiator Seat Covers — Why Fitment Matters
{"topic":{"title":"Jeep Gladiator Seat Covers — Why Fitment Matters","handle":"jeep-gladiator-seat-covers-fitment","primaryCollection":"/collections/jeep-gladiator-seat-covers-1","keywords":"jeep gladiator seat covers"},"nextIndex":1}
Publishing: Ford Bronco Seat Covers — 2021, 2022, 2023, 2024 Guide
{"topic":{"title":"Ford Bronco Seat Covers — 2021, 2022, 2023, 2024 Guide","handle":"ford-bronco-seat-covers-guide","primaryCollection":"/collections/ford-bronco-seat-covers","keywords":"ford bronco seat covers"},"nextIndex":2}
Publishing: Toyota Tacoma Seat Covers — Custom Fit vs Universal
{"topic":{"title":"Toyota Tacoma Seat Covers — Custom Fit vs Universal","handle":"toyota-tacoma-seat-covers-custom-fit","primaryCollection":"/collections/toyota-tacoma-seat-covers","keywords":"toyota tacoma seat covers"},"nextIndex":3}
Publishing: MOLLE Seat Covers for Jeep Wrangler — Storage and Organization
{"topic":{"title":"MOLLE Seat Covers for Jeep Wrangler — Storage and Organization","handle":"molle-seat-covers-jeep-wrangler","primaryCollection":"/collections/molle-accessories","keywords":"molle seat covers jeep"},"nextIndex":4}
Publishing: Limit Straps for Jeep Wrangler and UTV — What They Do and Why You Need Them
{"topic":{"title":"Limit Straps for Jeep Wrangler and UTV — What They Do and Why You Need Them","handle":"limit-straps-jeep-wrangler-utv-guide","primaryCollection":"/collections/limit-straps","keywords":"limit straps jeep wrangler"},"nextIndex":6}
Publishing: Best Ford Bronco Grab Handles — Roll Bar and Headrest Options
{"topic":{"title":"Best Ford Bronco Grab Handles — Roll Bar and Headrest Options","handle":"best-ford-bronco-grab-handles-roll-bar","primaryCollection":"/collections/ford-bronco-grab-handles","keywords":"ford bronco grab handles"},"nextIndex":7}
