=== Bull Strap Crawl Push ===

Root key URL: 404 (https://bullstrap.com/b4f7e2a1c3d5e6f7a8b9c0d1e2f3a4b5.txt)
CDN key URL: 200 (https://cdn.shopify.com/s/files/1/0739/5930/9585/t/5/assets/b4f7e2a1c3d5e6f7a8b9c0d1e2f3a4b5.txt)

IndexNow BLOCKED for Bull Strap: key file is not available at the root domain.
Shopify CDN asset exists, but IndexNow requires a same-host key location.
Needed next step: Cloudflare Worker/root route OR Bing Webmaster Tools API credentials.

Sitemap index: 200, 5630 bytes
Sitemaps found: 42
  sitemap_products_1.xml: 2501 URLs
  sitemap_products_2.xml: 2500 URLs
  sitemap_products_3.xml: 2500 URLs
  sitemap_products_4.xml: 2500 URLs
  sitemap_products_5.xml: 2500 URLs
  sitemap_products_6.xml: 2500 URLs
  sitemap_products_7.xml: 2500 URLs
  sitemap_products_8.xml: 2500 URLs
  sitemap_products_9.xml: 2500 URLs
  sitemap_products_10.xml: 2500 URLs
  sitemap_products_11.xml: 2500 URLs
  sitemap_products_12.xml: 2500 URLs
  sitemap_products_13.xml: 2500 URLs
  sitemap_products_14.xml: 2500 URLs
  sitemap_products_15.xml: 2500 URLs
  sitemap_products_16.xml: 2500 URLs
  sitemap_products_17.xml: 2500 URLs
  sitemap_products_18.xml: 2500 URLs
  sitemap_products_19.xml: 2500 URLs
  sitemap_products_20.xml: 2500 URLs
  sitemap_products_21.xml: 2500 URLs
  sitemap_products_22.xml: 2500 URLs
  sitemap_products_23.xml: 2500 URLs
  sitemap_products_24.xml: 2500 URLs
  sitemap_products_25.xml: 2500 URLs
  sitemap_products_26.xml: 2500 URLs
  sitemap_products_27.xml: 2500 URLs
  sitemap_products_28.xml: 2500 URLs
  sitemap_products_29.xml: 2500 URLs
  sitemap_products_30.xml: 2500 URLs
  sitemap_products_31.xml: 2500 URLs
  sitemap_products_32.xml: 2500 URLs
  sitemap_products_33.xml: 2500 URLs
  sitemap_products_34.xml: 2500 URLs
  sitemap_products_35.xml: 2500 URLs
  sitemap_products_36.xml: 2500 URLs
  sitemap_products_37.xml: 2500 URLs
  sitemap_products_38.xml: 2500 URLs
  sitemap_products_39.xml: 2328 URLs
  sitemap_pages_1.xml: 19 URLs
  sitemap_collections_1.xml: 949 URLs
  sitemap_blogs_1.xml: 140 URLs

Total URLs collected: 98437

=== IndexNow Submission ===
Skipped IndexNow submission because Bull Strap root key file is not live.

=== RESULTS ===
Sitemaps: 42
Total URLs: 98437
IndexNow submitted: 0
=== Bull Strap Crawl Push ===

Root key URL: 404 (https://bullstrap.com/b4f7e2a1c3d5e6f7a8b9c0d1e2f3a4b5.txt)
CDN key URL: 200 (https://cdn.shopify.com/s/files/1/0739/5930/9585/t/5/assets/b4f7e2a1c3d5e6f7a8b9c0d1e2f3a4b5.txt)

IndexNow BLOCKED for Bull Strap: key file is not available at the root domain.
Shopify CDN asset exists, but IndexNow requires a same-host key location.
Needed next step: Cloudflare Worker/root route OR Bing Webmaster Tools API credentials.

Sitemap index: 200, 5630 bytes
Sitemaps found: 42
  sitemap_products_1.xml: 2501 URLs
  sitemap_products_2.xml: 2500 URLs
  sitemap_products_3.xml: 2500 URLs
  sitemap_products_4.xml: 2500 URLs
  sitemap_products_5.xml: 2500 URLs
  sitemap_products_6.xml: 2500 URLs
  sitemap_products_7.xml: 2500 URLs
  sitemap_products_8.xml: 2500 URLs
  sitemap_products_9.xml: 2500 URLs
  sitemap_products_10.xml: 2500 URLs
  sitemap_products_11.xml: 2500 URLs
  sitemap_products_12.xml: 2500 URLs
  sitemap_products_13.xml: 2500 URLs
  sitemap_products_14.xml: 2500 URLs
  sitemap_products_15.xml: 2500 URLs
  sitemap_products_16.xml: 2500 URLs
  sitemap_products_17.xml: 2500 URLs
  sitemap_products_18.xml: 2500 URLs
  sitemap_products_19.xml: 2500 URLs
  sitemap_products_20.xml: 2500 URLs
  sitemap_products_21.xml: 2500 URLs
  sitemap_products_22.xml: 2500 URLs
  sitemap_products_23.xml: 2500 URLs
  sitemap_products_24.xml: 2500 URLs
  sitemap_products_25.xml: 2500 URLs
  sitemap_products_26.xml: 2500 URLs
  sitemap_products_27.xml: 2500 URLs
  sitemap_products_28.xml: 2500 URLs
  sitemap_products_29.xml: 2500 URLs
  sitemap_products_30.xml: 2500 URLs
  sitemap_products_31.xml: 2500 URLs
  sitemap_products_32.xml: 2500 URLs
  sitemap_products_33.xml: 2500 URLs
  sitemap_products_34.xml: 2500 URLs
  sitemap_products_35.xml: 2500 URLs
  sitemap_products_36.xml: 2500 URLs
  sitemap_products_37.xml: 2500 URLs
  sitemap_products_38.xml: 2500 URLs
  sitemap_products_39.xml: 2340 URLs
  sitemap_pages_1.xml: 19 URLs
  sitemap_collections_1.xml: 949 URLs
  sitemap_blogs_1.xml: 140 URLs

Total URLs collected: 98449

=== IndexNow Submission ===
Skipped IndexNow submission because Bull Strap root key file is not live.

=== RESULTS ===
Sitemaps: 42
Total URLs: 98449
IndexNow submitted: 0
=== Bull Strap Crawl Push ===

Root key URL: 404 (https://bullstrap.com/b4f7e2a1c3d5e6f7a8b9c0d1e2f3a4b5.txt)
CDN key URL: 200 (https://cdn.shopify.com/s/files/1/0739/5930/9585/t/5/assets/b4f7e2a1c3d5e6f7a8b9c0d1e2f3a4b5.txt)

IndexNow BLOCKED for Bull Strap: key file is not available at the root domain.
Shopify CDN asset exists, but IndexNow requires a same-host key location.
Needed next step: Cloudflare Worker/root route OR Bing Webmaster Tools API credentials.

Sitemap index: 200, 5630 bytes
Sitemaps found: 42
  sitemap_products_1.xml: 2501 URLs
  sitemap_products_2.xml: 2500 URLs
  sitemap_products_3.xml: 2500 URLs
  sitemap_products_4.xml: 2500 URLs
  sitemap_products_5.xml: 2500 URLs
  sitemap_products_6.xml: 2500 URLs
  sitemap_products_7.xml: 2500 URLs
  sitemap_products_8.xml: 2500 URLs
  sitemap_products_9.xml: 2500 URLs
  sitemap_products_10.xml: 2500 URLs
  sitemap_products_11.xml: 2500 URLs
  sitemap_products_12.xml: 2500 URLs
  sitemap_products_13.xml: 2500 URLs
  sitemap_products_14.xml: 2500 URLs
  sitemap_products_15.xml: 2500 URLs
  sitemap_products_16.xml: 2500 URLs
  sitemap_products_17.xml: 2500 URLs
  sitemap_products_18.xml: 2500 URLs
  sitemap_products_19.xml: 2500 URLs
  sitemap_products_20.xml: 2500 URLs
  sitemap_products_21.xml: 2500 URLs
  sitemap_products_22.xml: 2500 URLs
  sitemap_products_23.xml: 2500 URLs
  sitemap_products_24.xml: 2500 URLs
  sitemap_products_25.xml: 2500 URLs
  sitemap_products_26.xml: 2500 URLs
  sitemap_products_27.xml: 2500 URLs
  sitemap_products_28.xml: 2500 URLs
  sitemap_products_29.xml: 2500 URLs
  sitemap_products_30.xml: 2500 URLs
  sitemap_products_31.xml: 2500 URLs
  sitemap_products_32.xml: 2500 URLs
  sitemap_products_33.xml: 2500 URLs
  sitemap_products_34.xml: 2500 URLs
  sitemap_products_35.xml: 2500 URLs
  sitemap_products_36.xml: 2500 URLs
  sitemap_products_37.xml: 2500 URLs
  sitemap_products_38.xml: 2500 URLs
  sitemap_products_39.xml: 2350 URLs
  sitemap_pages_1.xml: 19 URLs
  sitemap_collections_1.xml: 949 URLs
  sitemap_blogs_1.xml: 116 URLs

Total URLs collected: 98435

=== IndexNow Submission ===
Skipped IndexNow submission because Bull Strap root key file is not live.

=== RESULTS ===
Sitemaps: 42
Total URLs: 98435
IndexNow submitted: 0
=== Bull Strap Crawl Push ===

Root key URL: 404 (https://bullstrap.com/b4f7e2a1c3d5e6f7a8b9c0d1e2f3a4b5.txt)
CDN key URL: 200 (https://cdn.shopify.com/s/files/1/0739/5930/9585/t/5/assets/b4f7e2a1c3d5e6f7a8b9c0d1e2f3a4b5.txt)

IndexNow BLOCKED for Bull Strap: key file is not available at the root domain.
Shopify CDN asset exists, but IndexNow requires a same-host key location.
Needed next step: Cloudflare Worker/root route OR Bing Webmaster Tools API credentials.

Sitemap index: 200, 5630 bytes
Sitemaps found: 42
  sitemap_products_1.xml: 2501 URLs
  sitemap_products_2.xml: 2500 URLs
  sitemap_products_3.xml: 2500 URLs
  sitemap_products_4.xml: 2500 URLs
  sitemap_products_5.xml: 2500 URLs
  sitemap_products_6.xml: 2500 URLs
  sitemap_products_7.xml: 2500 URLs
  sitemap_products_8.xml: 2500 URLs
  sitemap_products_9.xml: 2500 URLs
  sitemap_products_10.xml: 2500 URLs
  sitemap_products_11.xml: 2500 URLs
  sitemap_products_12.xml: 2500 URLs
  sitemap_products_13.xml: 2500 URLs
  sitemap_products_14.xml: 2500 URLs
  sitemap_products_15.xml: 2500 URLs
  sitemap_products_16.xml: 2500 URLs
  sitemap_products_17.xml: 2500 URLs
  sitemap_products_18.xml: 2500 URLs
  sitemap_products_19.xml: 2500 URLs
  sitemap_products_20.xml: 2500 URLs
  sitemap_products_21.xml: 2500 URLs
  sitemap_products_22.xml: 2500 URLs
  sitemap_products_23.xml: 2500 URLs
  sitemap_products_24.xml: 2500 URLs
  sitemap_products_25.xml: 2500 URLs
  sitemap_products_26.xml: 2500 URLs
  sitemap_products_27.xml: 2500 URLs
  sitemap_products_28.xml: 2500 URLs
  sitemap_products_29.xml: 2500 URLs
  sitemap_products_30.xml: 2500 URLs
  sitemap_products_31.xml: 2500 URLs
  sitemap_products_32.xml: 2500 URLs
  sitemap_products_33.xml: 2500 URLs
  sitemap_products_34.xml: 2500 URLs
  sitemap_products_35.xml: 2500 URLs
  sitemap_products_36.xml: 2500 URLs
  sitemap_products_37.xml: 2500 URLs
  sitemap_products_38.xml: 2500 URLs
  sitemap_products_39.xml: 2382 URLs
  sitemap_pages_1.xml: 19 URLs
  sitemap_collections_1.xml: 949 URLs
  sitemap_blogs_1.xml: 116 URLs

Total URLs collected: 98467

=== IndexNow Submission ===
Skipped IndexNow submission because Bull Strap root key file is not live.

=== RESULTS ===
Sitemaps: 42
Total URLs: 98467
IndexNow submitted: 0
=== Bull Strap Crawl Push ===

Root key URL: 404 (https://bullstrap.com/b4f7e2a1c3d5e6f7a8b9c0d1e2f3a4b5.txt)
CDN key URL: 200 (https://cdn.shopify.com/s/files/1/0739/5930/9585/t/5/assets/b4f7e2a1c3d5e6f7a8b9c0d1e2f3a4b5.txt)

IndexNow BLOCKED for Bull Strap: key file is not available at the root domain.
Shopify CDN asset exists, but IndexNow requires a same-host key location.
Needed next step: Cloudflare Worker/root route OR Bing Webmaster Tools API credentials.

Sitemap index: 200, 5630 bytes
Sitemaps found: 42
  sitemap_products_1.xml: 2501 URLs
  sitemap_products_2.xml: 2500 URLs
  sitemap_products_3.xml: 2500 URLs
  sitemap_products_4.xml: 2500 URLs
  sitemap_products_5.xml: 2500 URLs
  sitemap_products_6.xml: 2500 URLs
  sitemap_products_7.xml: 2500 URLs
  sitemap_products_8.xml: 2500 URLs
  sitemap_products_9.xml: 2500 URLs
  sitemap_products_10.xml: 2500 URLs
  sitemap_products_11.xml: 2500 URLs
  sitemap_products_12.xml: 2500 URLs
  sitemap_products_13.xml: 2500 URLs
  sitemap_products_14.xml: 2500 URLs
  sitemap_products_15.xml: 2500 URLs
  sitemap_products_16.xml: 2500 URLs
  sitemap_products_17.xml: 2500 URLs
  sitemap_products_18.xml: 2500 URLs
  sitemap_products_19.xml: 2500 URLs
  sitemap_products_20.xml: 2500 URLs
  sitemap_products_21.xml: 2500 URLs
  sitemap_products_22.xml: 2500 URLs
  sitemap_products_23.xml: 2500 URLs
  sitemap_products_24.xml: 2500 URLs
  sitemap_products_25.xml: 2500 URLs
  sitemap_products_26.xml: 2500 URLs
  sitemap_products_27.xml: 2500 URLs
  sitemap_products_28.xml: 2500 URLs
  sitemap_products_29.xml: 2500 URLs
  sitemap_products_30.xml: 2500 URLs
  sitemap_products_31.xml: 2500 URLs
  sitemap_products_32.xml: 2500 URLs
  sitemap_products_33.xml: 2500 URLs
  sitemap_products_34.xml: 2500 URLs
  sitemap_products_35.xml: 2500 URLs
  sitemap_products_36.xml: 2500 URLs
  sitemap_products_37.xml: 2500 URLs
  sitemap_products_38.xml: 2500 URLs
  sitemap_products_39.xml: 2407 URLs
  sitemap_pages_1.xml: 19 URLs
  sitemap_collections_1.xml: 949 URLs
  sitemap_blogs_1.xml: 117 URLs

Total URLs collected: 98493

=== IndexNow Submission ===
Skipped IndexNow submission because Bull Strap root key file is not live.

=== RESULTS ===
Sitemaps: 42
Total URLs: 98493
IndexNow submitted: 0
=== Bull Strap Crawl Push ===

Root key URL: 404 (https://bullstrap.com/b4f7e2a1c3d5e6f7a8b9c0d1e2f3a4b5.txt)
CDN key URL: 200 (https://cdn.shopify.com/s/files/1/0739/5930/9585/t/5/assets/b4f7e2a1c3d5e6f7a8b9c0d1e2f3a4b5.txt)

IndexNow BLOCKED for Bull Strap: key file is not available at the root domain.
Shopify CDN asset exists, but IndexNow requires a same-host key location.
Needed next step: Cloudflare Worker/root route OR Bing Webmaster Tools API credentials.

Sitemap index: 200, 5630 bytes
Sitemaps found: 42
  sitemap_products_1.xml: 2501 URLs
  sitemap_products_2.xml: 2500 URLs
  sitemap_products_3.xml: 2500 URLs
  sitemap_products_4.xml: 2500 URLs
  sitemap_products_5.xml: 2500 URLs
  sitemap_products_6.xml: 2500 URLs
  sitemap_products_7.xml: 2500 URLs
  sitemap_products_8.xml: 2500 URLs
  sitemap_products_9.xml: 2500 URLs
  sitemap_products_10.xml: 2500 URLs
  sitemap_products_11.xml: 2500 URLs
  sitemap_products_12.xml: 2500 URLs
  sitemap_products_13.xml: 2500 URLs
  sitemap_products_14.xml: 2500 URLs
  sitemap_products_15.xml: 2500 URLs
  sitemap_products_16.xml: 2500 URLs
  sitemap_products_17.xml: 2500 URLs
  sitemap_products_18.xml: 2500 URLs
  sitemap_products_19.xml: 2500 URLs
  sitemap_products_20.xml: 2500 URLs
  sitemap_products_21.xml: 2500 URLs
  sitemap_products_22.xml: 2500 URLs
  sitemap_products_23.xml: 2500 URLs
  sitemap_products_24.xml: 2500 URLs
  sitemap_products_25.xml: 2500 URLs
  sitemap_products_26.xml: 2500 URLs
  sitemap_products_27.xml: 2500 URLs
  sitemap_products_28.xml: 2500 URLs
  sitemap_products_29.xml: 2500 URLs
  sitemap_products_30.xml: 2500 URLs
  sitemap_products_31.xml: 2500 URLs
  sitemap_products_32.xml: 2500 URLs
  sitemap_products_33.xml: 2500 URLs
  sitemap_products_34.xml: 2500 URLs
  sitemap_products_35.xml: 2500 URLs
  sitemap_products_36.xml: 2500 URLs
  sitemap_products_37.xml: 2500 URLs
  sitemap_products_38.xml: 2500 URLs
  sitemap_products_39.xml: 2486 URLs
  sitemap_pages_1.xml: 19 URLs
  sitemap_collections_1.xml: 949 URLs
  sitemap_blogs_1.xml: 117 URLs

Total URLs collected: 98572

=== IndexNow Submission ===
Skipped IndexNow submission because Bull Strap root key file is not live.

=== RESULTS ===
Sitemaps: 42
Total URLs: 98572
IndexNow submitted: 0
=== Bull Strap Crawl Push ===

Root key URL: 404 (https://bullstrap.com/b4f7e2a1c3d5e6f7a8b9c0d1e2f3a4b5.txt)
CDN key URL: 200 (https://cdn.shopify.com/s/files/1/0739/5930/9585/t/5/assets/b4f7e2a1c3d5e6f7a8b9c0d1e2f3a4b5.txt)

IndexNow BLOCKED for Bull Strap: key file is not available at the root domain.
Shopify CDN asset exists, but IndexNow requires a same-host key location.
Needed next step: Cloudflare Worker/root route OR Bing Webmaster Tools API credentials.

Sitemap index: 200, 5758 bytes
Sitemaps found: 43
  sitemap_products_1.xml: 2501 URLs
  sitemap_products_2.xml: 2500 URLs
  sitemap_products_3.xml: 2500 URLs
  sitemap_products_4.xml: 2500 URLs
  sitemap_products_5.xml: 2500 URLs
  sitemap_products_6.xml: 2500 URLs
  sitemap_products_7.xml: 2500 URLs
  sitemap_products_8.xml: 2500 URLs
  sitemap_products_9.xml: 2500 URLs
  sitemap_products_10.xml: 2500 URLs
  sitemap_products_11.xml: 2500 URLs
  sitemap_products_12.xml: 2500 URLs
  sitemap_products_13.xml: 2500 URLs
  sitemap_products_14.xml: 2500 URLs
  sitemap_products_15.xml: 2500 URLs
  sitemap_products_16.xml: 2500 URLs
  sitemap_products_17.xml: 2500 URLs
  sitemap_products_18.xml: 2500 URLs
  sitemap_products_19.xml: 2500 URLs
  sitemap_products_20.xml: 2500 URLs
  sitemap_products_21.xml: 2500 URLs
  sitemap_products_22.xml: 2500 URLs
  sitemap_products_23.xml: 2500 URLs
  sitemap_products_24.xml: 2500 URLs
  sitemap_products_25.xml: 2500 URLs
  sitemap_products_26.xml: 2500 URLs
  sitemap_products_27.xml: 2500 URLs
  sitemap_products_28.xml: 2500 URLs
  sitemap_products_29.xml: 2500 URLs
  sitemap_products_30.xml: 2500 URLs
  sitemap_products_31.xml: 0 URLs
  sitemap_products_32.xml: 2500 URLs
  sitemap_products_33.xml: 2500 URLs
  sitemap_products_34.xml: 2500 URLs
  sitemap_products_35.xml: 2500 URLs
  sitemap_products_36.xml: 2500 URLs
  sitemap_products_37.xml: 2500 URLs
  sitemap_products_38.xml: 2500 URLs
  sitemap_products_39.xml: 0 URLs
  sitemap_products_40.xml: 0 URLs
  sitemap_pages_1.xml: 0 URLs
  sitemap_collections_1.xml: 0 URLs
  sitemap_blogs_1.xml: 0 URLs

Total URLs collected: 92501

=== IndexNow Submission ===
Skipped IndexNow submission because Bull Strap root key file is not live.

=== RESULTS ===
Sitemaps: 43
Total URLs: 92501
IndexNow submitted: 0
=== Bull Strap Crawl Push ===

Root key URL: 404 (https://bullstrap.com/b4f7e2a1c3d5e6f7a8b9c0d1e2f3a4b5.txt)
CDN key URL: 200 (https://cdn.shopify.com/s/files/1/0739/5930/9585/t/5/assets/b4f7e2a1c3d5e6f7a8b9c0d1e2f3a4b5.txt)

IndexNow BLOCKED for Bull Strap: key file is not available at the root domain.
Shopify CDN asset exists, but IndexNow requires a same-host key location.
Needed next step: Cloudflare Worker/root route OR Bing Webmaster Tools API credentials.

Sitemap index: 200, 5758 bytes
Sitemaps found: 43
  sitemap_products_1.xml: 2501 URLs
  sitemap_products_2.xml: 2500 URLs
  sitemap_products_3.xml: 2500 URLs
  sitemap_products_4.xml: 2500 URLs
  sitemap_products_5.xml: 2500 URLs
  sitemap_products_6.xml: 2500 URLs
  sitemap_products_7.xml: 2500 URLs
  sitemap_products_8.xml: 2500 URLs
  sitemap_products_9.xml: 2500 URLs
  sitemap_products_10.xml: 2500 URLs
  sitemap_products_11.xml: 2500 URLs
  sitemap_products_12.xml: 2500 URLs
  sitemap_products_13.xml: 2500 URLs
  sitemap_products_14.xml: 2500 URLs
  sitemap_products_15.xml: 2500 URLs
  sitemap_products_16.xml: 2500 URLs
  sitemap_products_17.xml: 2500 URLs
  sitemap_products_18.xml: 2500 URLs
  sitemap_products_19.xml: 2500 URLs
  sitemap_products_20.xml: 2500 URLs
  sitemap_products_21.xml: 2500 URLs
  sitemap_products_22.xml: 2500 URLs
  sitemap_products_23.xml: 0 URLs
  sitemap_products_24.xml: 2500 URLs
  sitemap_products_25.xml: 2500 URLs
  sitemap_products_26.xml: 2500 URLs
  sitemap_products_27.xml: 2500 URLs
  sitemap_products_28.xml: 2500 URLs
  sitemap_products_29.xml: 2500 URLs
  sitemap_products_30.xml: 2500 URLs
  sitemap_products_31.xml: 2500 URLs
  sitemap_products_32.xml: 2500 URLs
  sitemap_products_33.xml: 2500 URLs
  sitemap_products_34.xml: 2500 URLs
  sitemap_products_35.xml: 2500 URLs
  sitemap_products_36.xml: 2500 URLs
  sitemap_products_37.xml: 2500 URLs
  sitemap_products_38.xml: 2500 URLs
  sitemap_products_39.xml: 2500 URLs
  sitemap_products_40.xml: 198 URLs
  sitemap_pages_1.xml: 19 URLs
  sitemap_collections_1.xml: 951 URLs
  sitemap_blogs_1.xml: 117 URLs

Total URLs collected: 96286

=== IndexNow Submission ===
Skipped IndexNow submission because Bull Strap root key file is not live.

=== RESULTS ===
Sitemaps: 43
Total URLs: 96286
IndexNow submitted: 0
=== Bull Strap Crawl Push ===

Root key URL: 404 (https://bullstrap.com/b4f7e2a1c3d5e6f7a8b9c0d1e2f3a4b5.txt)
CDN key URL: 200 (https://cdn.shopify.com/s/files/1/0739/5930/9585/t/5/assets/b4f7e2a1c3d5e6f7a8b9c0d1e2f3a4b5.txt)

IndexNow BLOCKED for Bull Strap: key file is not available at the root domain.
Shopify CDN asset exists, but IndexNow requires a same-host key location.
Needed next step: Cloudflare Worker/root route OR Bing Webmaster Tools API credentials.

Sitemap index: 200, 5758 bytes
Sitemaps found: 43
  sitemap_products_1.xml: 2501 URLs
  sitemap_products_2.xml: 2500 URLs
  sitemap_products_3.xml: 2500 URLs
  sitemap_products_4.xml: 2500 URLs
  sitemap_products_5.xml: 2500 URLs
  sitemap_products_6.xml: 2500 URLs
  sitemap_products_7.xml: 2500 URLs
  sitemap_products_8.xml: 2500 URLs
  sitemap_products_9.xml: 2500 URLs
  sitemap_products_10.xml: 2500 URLs
  sitemap_products_11.xml: 2500 URLs
  sitemap_products_12.xml: 2500 URLs
  sitemap_products_13.xml: 2500 URLs
  sitemap_products_14.xml: 2500 URLs
  sitemap_products_15.xml: 2500 URLs
  sitemap_products_16.xml: 2500 URLs
  sitemap_products_17.xml: 2500 URLs
  sitemap_products_18.xml: 2500 URLs
  sitemap_products_19.xml: 2500 URLs
  sitemap_products_20.xml: 2500 URLs
  sitemap_products_21.xml: 2500 URLs
  sitemap_products_22.xml: 2500 URLs
  sitemap_products_23.xml: 2500 URLs
  sitemap_products_24.xml: 2500 URLs
  sitemap_products_25.xml: 2500 URLs
  sitemap_products_26.xml: 2500 URLs
  sitemap_products_27.xml: 2500 URLs
  sitemap_products_28.xml: 0 URLs
  sitemap_products_29.xml: 2500 URLs
  sitemap_products_30.xml: 2500 URLs
  sitemap_products_31.xml: 2500 URLs
  sitemap_products_32.xml: 2500 URLs
  sitemap_products_33.xml: 2500 URLs
  sitemap_products_34.xml: 2500 URLs
  sitemap_products_35.xml: 2500 URLs
  sitemap_products_36.xml: 2500 URLs
  sitemap_products_37.xml: 2500 URLs
  sitemap_products_38.xml: 2500 URLs
  sitemap_products_39.xml: 0 URLs
  sitemap_products_40.xml: 0 URLs
  sitemap_pages_1.xml: 0 URLs
  sitemap_collections_1.xml: 0 URLs
  sitemap_blogs_1.xml: 0 URLs

Total URLs collected: 92501

=== IndexNow Submission ===
Skipped IndexNow submission because Bull Strap root key file is not live.

=== RESULTS ===
Sitemaps: 43
Total URLs: 92501
IndexNow submitted: 0
=== Bull Strap Crawl Push ===

Root key URL: 404 (https://bullstrap.com/b4f7e2a1c3d5e6f7a8b9c0d1e2f3a4b5.txt)
CDN key URL: 200 (https://cdn.shopify.com/s/files/1/0739/5930/9585/t/5/assets/b4f7e2a1c3d5e6f7a8b9c0d1e2f3a4b5.txt)

IndexNow BLOCKED for Bull Strap: key file is not available at the root domain.
Shopify CDN asset exists, but IndexNow requires a same-host key location.
Needed next step: Cloudflare Worker/root route OR Bing Webmaster Tools API credentials.

Sitemap index: 200, 5502 bytes
Sitemaps found: 41
  sitemap_products_1.xml: 2501 URLs
  sitemap_products_2.xml: 2500 URLs
  sitemap_products_3.xml: 2500 URLs
  sitemap_products_4.xml: 2500 URLs
  sitemap_products_5.xml: 2500 URLs
  sitemap_products_6.xml: 2500 URLs
  sitemap_products_7.xml: 2500 URLs
  sitemap_products_8.xml: 2500 URLs
  sitemap_products_9.xml: 2500 URLs
  sitemap_products_10.xml: 2500 URLs
  sitemap_products_11.xml: 2500 URLs
  sitemap_products_12.xml: 2500 URLs
  sitemap_products_13.xml: 2500 URLs
  sitemap_products_14.xml: 2500 URLs
  sitemap_products_15.xml: 2500 URLs
  sitemap_products_16.xml: 2500 URLs
  sitemap_products_17.xml: 2500 URLs
  sitemap_products_18.xml: 2500 URLs
  sitemap_products_19.xml: 2500 URLs
  sitemap_products_20.xml: 2500 URLs
  sitemap_products_21.xml: 2500 URLs
  sitemap_products_22.xml: 2500 URLs
  sitemap_products_23.xml: 2500 URLs
  sitemap_products_24.xml: 2500 URLs
  sitemap_products_25.xml: 2500 URLs
  sitemap_products_26.xml: 2500 URLs
  sitemap_products_27.xml: 2499 URLs
  sitemap_products_28.xml: 2500 URLs
  sitemap_products_29.xml: 2500 URLs
  sitemap_products_30.xml: 2500 URLs
  sitemap_products_31.xml: 2500 URLs
  sitemap_products_32.xml: 2500 URLs
  sitemap_products_33.xml: 2500 URLs
  sitemap_products_34.xml: 2499 URLs
  sitemap_products_35.xml: 2500 URLs
  sitemap_products_36.xml: 2500 URLs
  sitemap_products_37.xml: 2500 URLs
  sitemap_products_38.xml: 1903 URLs
  sitemap_pages_1.xml: 19 URLs
  sitemap_collections_1.xml: 951 URLs
  sitemap_blogs_1.xml: 117 URLs

Total URLs collected: 95489

=== IndexNow Submission ===
Skipped IndexNow submission because Bull Strap root key file is not live.

=== RESULTS ===
Sitemaps: 41
Total URLs: 95489
IndexNow submitted: 0
=== Bull Strap Crawl Push ===

Root key URL: 404 (https://bullstrap.com/b4f7e2a1c3d5e6f7a8b9c0d1e2f3a4b5.txt)
CDN key URL: 200 (https://cdn.shopify.com/s/files/1/0739/5930/9585/t/5/assets/b4f7e2a1c3d5e6f7a8b9c0d1e2f3a4b5.txt)

IndexNow BLOCKED for Bull Strap: key file is not available at the root domain.
Shopify CDN asset exists, but IndexNow requires a same-host key location.
Needed next step: Cloudflare Worker/root route OR Bing Webmaster Tools API credentials.

Sitemap index: 200, 4862 bytes
Sitemaps found: 36
  sitemap_products_1.xml: 2501 URLs
  sitemap_products_2.xml: 2500 URLs
  sitemap_products_3.xml: 2500 URLs
  sitemap_products_4.xml: 2500 URLs
  sitemap_products_5.xml: 2500 URLs
  sitemap_products_6.xml: 2500 URLs
  sitemap_products_7.xml: 2500 URLs
  sitemap_products_8.xml: 2500 URLs
  sitemap_products_9.xml: 2500 URLs
  sitemap_products_10.xml: 2500 URLs
  sitemap_products_11.xml: 2500 URLs
  sitemap_products_12.xml: 2500 URLs
  sitemap_products_13.xml: 2500 URLs
  sitemap_products_14.xml: 2500 URLs
  sitemap_products_15.xml: 2500 URLs
  sitemap_products_16.xml: 2500 URLs
  sitemap_products_17.xml: 2500 URLs
  sitemap_products_18.xml: 2500 URLs
  sitemap_products_19.xml: 2500 URLs
  sitemap_products_20.xml: 2500 URLs
  sitemap_products_21.xml: 2500 URLs
  sitemap_products_22.xml: 2490 URLs
  sitemap_products_23.xml: 2500 URLs
  sitemap_products_24.xml: 2500 URLs
  sitemap_products_25.xml: 2500 URLs
  sitemap_products_26.xml: 2500 URLs
  sitemap_products_27.xml: 2500 URLs
  sitemap_products_28.xml: 2500 URLs
  sitemap_products_29.xml: 2500 URLs
  sitemap_products_30.xml: 2500 URLs
  sitemap_products_31.xml: 2500 URLs
  sitemap_products_32.xml: 2500 URLs
  sitemap_products_33.xml: 746 URLs
  sitemap_pages_1.xml: 19 URLs
  sitemap_collections_1.xml: 951 URLs
  sitemap_blogs_1.xml: 117 URLs

Total URLs collected: 81824

=== IndexNow Submission ===
Skipped IndexNow submission because Bull Strap root key file is not live.

=== RESULTS ===
Sitemaps: 36
Total URLs: 81824
IndexNow submitted: 0
=== Bull Strap Crawl Push ===

Root key URL: 404 (https://bullstrap.com/b4f7e2a1c3d5e6f7a8b9c0d1e2f3a4b5.txt)
CDN key URL: 200 (https://cdn.shopify.com/s/files/1/0739/5930/9585/t/5/assets/b4f7e2a1c3d5e6f7a8b9c0d1e2f3a4b5.txt)

IndexNow BLOCKED for Bull Strap: key file is not available at the root domain.
Shopify CDN asset exists, but IndexNow requires a same-host key location.
Needed next step: Cloudflare Worker/root route OR Bing Webmaster Tools API credentials.

Sitemap index: 200, 4734 bytes
Sitemaps found: 35
  sitemap_products_1.xml: 2501 URLs
  sitemap_products_2.xml: 2500 URLs
  sitemap_products_3.xml: 2500 URLs
  sitemap_products_4.xml: 2500 URLs
  sitemap_products_5.xml: 2500 URLs
  sitemap_products_6.xml: 2500 URLs
  sitemap_products_7.xml: 2500 URLs
  sitemap_products_8.xml: 2500 URLs
  sitemap_products_9.xml: 2500 URLs
  sitemap_products_10.xml: 2500 URLs
  sitemap_products_11.xml: 2500 URLs
  sitemap_products_12.xml: 2500 URLs
  sitemap_products_13.xml: 2500 URLs
  sitemap_products_14.xml: 2500 URLs
  sitemap_products_15.xml: 2500 URLs
  sitemap_products_16.xml: 2500 URLs
  sitemap_products_17.xml: 0 URLs
  sitemap_products_18.xml: 2500 URLs
  sitemap_products_19.xml: 2500 URLs
  sitemap_products_20.xml: 2500 URLs
  sitemap_products_21.xml: 2500 URLs
  sitemap_products_22.xml: 2500 URLs
  sitemap_products_23.xml: 2500 URLs
  sitemap_products_24.xml: 2500 URLs
  sitemap_products_25.xml: 0 URLs
  sitemap_products_26.xml: 0 URLs
  sitemap_products_27.xml: 2500 URLs
  sitemap_products_28.xml: 2500 URLs
  sitemap_products_29.xml: 2500 URLs
  sitemap_products_30.xml: 2500 URLs
  sitemap_products_31.xml: 2500 URLs
  sitemap_products_32.xml: 1235 URLs
  sitemap_pages_1.xml: 19 URLs
  sitemap_collections_1.xml: 951 URLs
  sitemap_blogs_1.xml: 118 URLs

Total URLs collected: 72324

=== IndexNow Submission ===
Skipped IndexNow submission because Bull Strap root key file is not live.

=== RESULTS ===
Sitemaps: 35
Total URLs: 72324
IndexNow submitted: 0
=== Bull Strap Crawl Push ===

Root key URL: 404 (https://bullstrap.com/b4f7e2a1c3d5e6f7a8b9c0d1e2f3a4b5.txt)
CDN key URL: 200 (https://cdn.shopify.com/s/files/1/0739/5930/9585/t/5/assets/b4f7e2a1c3d5e6f7a8b9c0d1e2f3a4b5.txt)

IndexNow BLOCKED for Bull Strap: key file is not available at the root domain.
Shopify CDN asset exists, but IndexNow requires a same-host key location.
Needed next step: Cloudflare Worker/root route OR Bing Webmaster Tools API credentials.

Sitemap index: 200, 4734 bytes
Sitemaps found: 35
  sitemap_products_1.xml: 2501 URLs
  sitemap_products_2.xml: 2500 URLs
  sitemap_products_3.xml: 2500 URLs
  sitemap_products_4.xml: 2500 URLs
  sitemap_products_5.xml: 2500 URLs
  sitemap_products_6.xml: 2500 URLs
  sitemap_products_7.xml: 2500 URLs
  sitemap_products_8.xml: 2500 URLs
  sitemap_products_9.xml: 2500 URLs
  sitemap_products_10.xml: 2500 URLs
  sitemap_products_11.xml: 2500 URLs
  sitemap_products_12.xml: 2500 URLs
  sitemap_products_13.xml: 2500 URLs
  sitemap_products_14.xml: 2500 URLs
  sitemap_products_15.xml: 2500 URLs
  sitemap_products_16.xml: 2500 URLs
  sitemap_products_17.xml: 0 URLs
  sitemap_products_18.xml: 2500 URLs
  sitemap_products_19.xml: 2500 URLs
  sitemap_products_20.xml: 2500 URLs
  sitemap_products_21.xml: 2500 URLs
  sitemap_products_22.xml: 2500 URLs
  sitemap_products_23.xml: 2500 URLs
  sitemap_products_24.xml: 2500 URLs
  sitemap_products_25.xml: 0 URLs
  sitemap_products_26.xml: 0 URLs
  sitemap_products_27.xml: 2500 URLs
  sitemap_products_28.xml: 2500 URLs
  sitemap_products_29.xml: 2500 URLs
  sitemap_products_30.xml: 2500 URLs
  sitemap_products_31.xml: 2500 URLs
  sitemap_products_32.xml: 1376 URLs
  sitemap_pages_1.xml: 19 URLs
  sitemap_collections_1.xml: 951 URLs
  sitemap_blogs_1.xml: 118 URLs

Total URLs collected: 72465

=== IndexNow Submission ===
Skipped IndexNow submission because Bull Strap root key file is not live.

=== RESULTS ===
Sitemaps: 35
Total URLs: 72465
IndexNow submitted: 0
=== Bull Strap Crawl Push ===

Root key URL: 404 (https://bullstrap.com/b4f7e2a1c3d5e6f7a8b9c0d1e2f3a4b5.txt)
CDN key URL: 200 (https://cdn.shopify.com/s/files/1/0739/5930/9585/t/5/assets/b4f7e2a1c3d5e6f7a8b9c0d1e2f3a4b5.txt)

IndexNow BLOCKED for Bull Strap: key file is not available at the root domain.
Shopify CDN asset exists, but IndexNow requires a same-host key location.
Needed next step: Cloudflare Worker/root route OR Bing Webmaster Tools API credentials.

Sitemap index: 200, 4734 bytes
Sitemaps found: 35
  sitemap_products_1.xml: 2501 URLs
  sitemap_products_2.xml: 2500 URLs
  sitemap_products_3.xml: 2500 URLs
  sitemap_products_4.xml: 2500 URLs
  sitemap_products_5.xml: 2500 URLs
  sitemap_products_6.xml: 2500 URLs
  sitemap_products_7.xml: 2500 URLs
  sitemap_products_8.xml: 2500 URLs
  sitemap_products_9.xml: 2500 URLs
  sitemap_products_10.xml: 2500 URLs
  sitemap_products_11.xml: 2500 URLs
  sitemap_products_12.xml: 2500 URLs
  sitemap_products_13.xml: 2500 URLs
  sitemap_products_14.xml: 2500 URLs
  sitemap_products_15.xml: 2500 URLs
  sitemap_products_16.xml: 2500 URLs
  sitemap_products_17.xml: 0 URLs
  sitemap_products_18.xml: 2500 URLs
  sitemap_products_19.xml: 2500 URLs
  sitemap_products_20.xml: 2500 URLs
  sitemap_products_21.xml: 2500 URLs
  sitemap_products_22.xml: 2500 URLs
  sitemap_products_23.xml: 2500 URLs
  sitemap_products_24.xml: 2500 URLs
  sitemap_products_25.xml: 0 URLs
  sitemap_products_26.xml: 0 URLs
  sitemap_products_27.xml: 0 URLs
  sitemap_products_28.xml: 2500 URLs
  sitemap_products_29.xml: 2500 URLs
  sitemap_products_30.xml: 2500 URLs
  sitemap_products_31.xml: 2500 URLs
  sitemap_products_32.xml: 1389 URLs
  sitemap_pages_1.xml: 19 URLs
  sitemap_collections_1.xml: 951 URLs
  sitemap_blogs_1.xml: 118 URLs

Total URLs collected: 69978

=== IndexNow Submission ===
Skipped IndexNow submission because Bull Strap root key file is not live.

=== RESULTS ===
Sitemaps: 35
Total URLs: 69978
IndexNow submitted: 0
=== Bull Strap Crawl Push ===

Root key URL: 404 (https://bullstrap.com/b4f7e2a1c3d5e6f7a8b9c0d1e2f3a4b5.txt)
CDN key URL: 200 (https://cdn.shopify.com/s/files/1/0739/5930/9585/t/5/assets/b4f7e2a1c3d5e6f7a8b9c0d1e2f3a4b5.txt)

IndexNow BLOCKED for Bull Strap: key file is not available at the root domain.
Shopify CDN asset exists, but IndexNow requires a same-host key location.
Needed next step: Cloudflare Worker/root route OR Bing Webmaster Tools API credentials.

Sitemap index: 200, 4734 bytes
Sitemaps found: 35
  sitemap_products_1.xml: 2501 URLs
  sitemap_products_2.xml: 2500 URLs
  sitemap_products_3.xml: 2500 URLs
  sitemap_products_4.xml: 2500 URLs
  sitemap_products_5.xml: 2500 URLs
  sitemap_products_6.xml: 2500 URLs
  sitemap_products_7.xml: 2500 URLs
  sitemap_products_8.xml: 2500 URLs
  sitemap_products_9.xml: 2500 URLs
  sitemap_products_10.xml: 2500 URLs
  sitemap_products_11.xml: 2500 URLs
  sitemap_products_12.xml: 2500 URLs
  sitemap_products_13.xml: 2500 URLs
  sitemap_products_14.xml: 2500 URLs
  sitemap_products_15.xml: 2500 URLs
  sitemap_products_16.xml: 2500 URLs
  sitemap_products_17.xml: 2500 URLs
  sitemap_products_18.xml: 2500 URLs
  sitemap_products_19.xml: 2500 URLs
  sitemap_products_20.xml: 2500 URLs
  sitemap_products_21.xml: 2500 URLs
  sitemap_products_22.xml: 2500 URLs
  sitemap_products_23.xml: 2500 URLs
  sitemap_products_24.xml: 2500 URLs
  sitemap_products_25.xml: 2500 URLs
  sitemap_products_26.xml: 0 URLs
  sitemap_products_27.xml: 2500 URLs
  sitemap_products_28.xml: 2500 URLs
  sitemap_products_29.xml: 2500 URLs
  sitemap_products_30.xml: 2500 URLs
  sitemap_products_31.xml: 2500 URLs
  sitemap_products_32.xml: 1381 URLs
  sitemap_pages_1.xml: 19 URLs
  sitemap_collections_1.xml: 951 URLs
  sitemap_blogs_1.xml: 118 URLs

Total URLs collected: 77470

=== IndexNow Submission ===
Skipped IndexNow submission because Bull Strap root key file is not live.

=== RESULTS ===
Sitemaps: 35
Total URLs: 77470
IndexNow submitted: 0
=== Bull Strap Crawl Push ===

Root key URL: 404 (https://bullstrap.com/b4f7e2a1c3d5e6f7a8b9c0d1e2f3a4b5.txt)
CDN key URL: 200 (https://cdn.shopify.com/s/files/1/0739/5930/9585/t/5/assets/b4f7e2a1c3d5e6f7a8b9c0d1e2f3a4b5.txt)

IndexNow BLOCKED for Bull Strap: key file is not available at the root domain.
Shopify CDN asset exists, but IndexNow requires a same-host key location.
Needed next step: Cloudflare Worker/root route OR Bing Webmaster Tools API credentials.

Sitemap index: 200, 4734 bytes
Sitemaps found: 35
  sitemap_products_1.xml: 2501 URLs
  sitemap_products_2.xml: 2500 URLs
  sitemap_products_3.xml: 2500 URLs
  sitemap_products_4.xml: 2500 URLs
  sitemap_products_5.xml: 2500 URLs
  sitemap_products_6.xml: 2500 URLs
  sitemap_products_7.xml: 2500 URLs
  sitemap_products_8.xml: 2500 URLs
  sitemap_products_9.xml: 0 URLs
  sitemap_products_10.xml: 2500 URLs
  sitemap_products_11.xml: 2500 URLs
  sitemap_products_12.xml: 2500 URLs
  sitemap_products_13.xml: 2500 URLs
  sitemap_products_14.xml: 2500 URLs
  sitemap_products_15.xml: 2500 URLs
  sitemap_products_16.xml: 2500 URLs
  sitemap_products_17.xml: 2500 URLs
  sitemap_products_18.xml: 2500 URLs
  sitemap_products_19.xml: 2500 URLs
  sitemap_products_20.xml: 2500 URLs
  sitemap_products_21.xml: 2500 URLs
  sitemap_products_22.xml: 2500 URLs
  sitemap_products_23.xml: 2500 URLs
  sitemap_products_24.xml: 2500 URLs
  sitemap_products_25.xml: 2500 URLs
  sitemap_products_26.xml: 2500 URLs
  sitemap_products_27.xml: 2500 URLs
  sitemap_products_28.xml: 0 URLs
  sitemap_products_29.xml: 2500 URLs
  sitemap_products_30.xml: 2500 URLs
  sitemap_products_31.xml: 2500 URLs
  sitemap_products_32.xml: 1394 URLs
  sitemap_pages_1.xml: 19 URLs
  sitemap_collections_1.xml: 951 URLs
  sitemap_blogs_1.xml: 118 URLs

Total URLs collected: 74983

=== IndexNow Submission ===
Skipped IndexNow submission because Bull Strap root key file is not live.

=== RESULTS ===
Sitemaps: 35
Total URLs: 74983
IndexNow submitted: 0
=== Bull Strap Crawl Push ===

Root key URL: 404 (https://bullstrap.com/b4f7e2a1c3d5e6f7a8b9c0d1e2f3a4b5.txt)
CDN key URL: 200 (https://cdn.shopify.com/s/files/1/0739/5930/9585/t/5/assets/b4f7e2a1c3d5e6f7a8b9c0d1e2f3a4b5.txt)

IndexNow BLOCKED for Bull Strap: key file is not available at the root domain.
Shopify CDN asset exists, but IndexNow requires a same-host key location.
Needed next step: Cloudflare Worker/root route OR Bing Webmaster Tools API credentials.

Sitemap index: 200, 4734 bytes
Sitemaps found: 35
  sitemap_products_1.xml: 2501 URLs
  sitemap_products_2.xml: 2500 URLs
  sitemap_products_3.xml: 2500 URLs
  sitemap_products_4.xml: 2500 URLs
  sitemap_products_5.xml: 2500 URLs
  sitemap_products_6.xml: 2500 URLs
  sitemap_products_7.xml: 2500 URLs
  sitemap_products_8.xml: 2500 URLs
  sitemap_products_9.xml: 2500 URLs
  sitemap_products_10.xml: 2500 URLs
  sitemap_products_11.xml: 2500 URLs
  sitemap_products_12.xml: 2500 URLs
  sitemap_products_13.xml: 2500 URLs
  sitemap_products_14.xml: 2500 URLs
  sitemap_products_15.xml: 2500 URLs
  sitemap_products_16.xml: 2500 URLs
  sitemap_products_17.xml: 0 URLs
  sitemap_products_18.xml: 2500 URLs
  sitemap_products_19.xml: 2500 URLs
  sitemap_products_20.xml: 2500 URLs
  sitemap_products_21.xml: 2500 URLs
  sitemap_products_22.xml: 2500 URLs
  sitemap_products_23.xml: 2500 URLs
  sitemap_products_24.xml: 2500 URLs
  sitemap_products_25.xml: 0 URLs
  sitemap_products_26.xml: 0 URLs
  sitemap_products_27.xml: 2500 URLs
  sitemap_products_28.xml: 2500 URLs
  sitemap_products_29.xml: 2500 URLs
  sitemap_products_30.xml: 2500 URLs
  sitemap_products_31.xml: 2500 URLs
  sitemap_products_32.xml: 1368 URLs
  sitemap_pages_1.xml: 19 URLs
  sitemap_collections_1.xml: 951 URLs
  sitemap_blogs_1.xml: 119 URLs

Total URLs collected: 72458

=== IndexNow Submission ===
Skipped IndexNow submission because Bull Strap root key file is not live.

=== RESULTS ===
Sitemaps: 35
Total URLs: 72458
IndexNow submitted: 0
=== Bull Strap Crawl Push ===

Root key URL: 404 (https://bullstrap.com/b4f7e2a1c3d5e6f7a8b9c0d1e2f3a4b5.txt)
CDN key URL: 200 (https://cdn.shopify.com/s/files/1/0739/5930/9585/t/5/assets/b4f7e2a1c3d5e6f7a8b9c0d1e2f3a4b5.txt)

IndexNow BLOCKED for Bull Strap: key file is not available at the root domain.
Shopify CDN asset exists, but IndexNow requires a same-host key location.
Needed next step: Cloudflare Worker/root route OR Bing Webmaster Tools API credentials.

Sitemap index: 200, 4734 bytes
Sitemaps found: 35
  sitemap_products_1.xml: 2501 URLs
  sitemap_products_2.xml: 2500 URLs
  sitemap_products_3.xml: 2500 URLs
  sitemap_products_4.xml: 2500 URLs
  sitemap_products_5.xml: 2500 URLs
  sitemap_products_6.xml: 2500 URLs
  sitemap_products_7.xml: 2500 URLs
  sitemap_products_8.xml: 2500 URLs
  sitemap_products_9.xml: 2500 URLs
  sitemap_products_10.xml: 2500 URLs
  sitemap_products_11.xml: 2500 URLs
  sitemap_products_12.xml: 2500 URLs
  sitemap_products_13.xml: 2500 URLs
  sitemap_products_14.xml: 2500 URLs
  sitemap_products_15.xml: 2500 URLs
  sitemap_products_16.xml: 2500 URLs
  sitemap_products_17.xml: 2500 URLs
  sitemap_products_18.xml: 2500 URLs
  sitemap_products_19.xml: 2500 URLs
  sitemap_products_20.xml: 2500 URLs
  sitemap_products_21.xml: 2500 URLs
  sitemap_products_22.xml: 2500 URLs
  sitemap_products_23.xml: 2500 URLs
  sitemap_products_24.xml: 2500 URLs
  sitemap_products_25.xml: 2500 URLs
  sitemap_products_26.xml: 0 URLs
  sitemap_products_27.xml: 0 URLs
  sitemap_products_28.xml: 2500 URLs
  sitemap_products_29.xml: 2500 URLs
  sitemap_products_30.xml: 2500 URLs
  sitemap_products_31.xml: 2500 URLs
  sitemap_products_32.xml: 1261 URLs
  sitemap_pages_1.xml: 19 URLs
  sitemap_collections_1.xml: 951 URLs
  sitemap_blogs_1.xml: 119 URLs

Total URLs collected: 74851

=== IndexNow Submission ===
Skipped IndexNow submission because Bull Strap root key file is not live.

=== RESULTS ===
Sitemaps: 35
Total URLs: 74851
IndexNow submitted: 0
=== Bull Strap Crawl Push ===

Root key URL: 301 (https://bullstrap.com/b4f7e2a1c3d5e6f7a8b9c0d1e2f3a4b5.txt)
CDN key URL: 200 (https://cdn.shopify.com/s/files/1/0739/5930/9585/t/5/assets/b4f7e2a1c3d5e6f7a8b9c0d1e2f3a4b5.txt)

IndexNow BLOCKED for Bull Strap: key file is not available at the root domain.
Shopify CDN asset exists, but IndexNow requires a same-host key location.
Needed next step: Cloudflare Worker/root route OR Bing Webmaster Tools API credentials.

Sitemap index: 200, 11098 bytes
Sitemaps found: 85
  sitemap_agentic_discovery.xml: 1 URLs
  sitemap_products_1.xml: 905 URLs
  sitemap_products_2.xml: 1000 URLs
  sitemap_products_3.xml: 1000 URLs
  sitemap_products_4.xml: 1000 URLs
  sitemap_products_5.xml: 1000 URLs
  sitemap_products_6.xml: 1000 URLs
  sitemap_products_7.xml: 1000 URLs
  sitemap_products_8.xml: 1000 URLs
  sitemap_products_9.xml: 1000 URLs
  sitemap_products_10.xml: 1000 URLs
  sitemap_products_11.xml: 1000 URLs
  sitemap_products_12.xml: 1000 URLs
  sitemap_products_13.xml: 1000 URLs
  sitemap_products_14.xml: 1000 URLs
  sitemap_products_15.xml: 1000 URLs
  sitemap_products_16.xml: 1000 URLs
  sitemap_products_17.xml: 1000 URLs
  sitemap_products_18.xml: 1000 URLs
  sitemap_products_19.xml: 1000 URLs
  sitemap_products_20.xml: 1000 URLs
  sitemap_products_21.xml: 1000 URLs
  sitemap_products_22.xml: 1000 URLs
  sitemap_products_23.xml: 1000 URLs
  sitemap_products_24.xml: 1000 URLs
  sitemap_products_25.xml: 1000 URLs
  sitemap_products_26.xml: 1000 URLs
  sitemap_products_27.xml: 1000 URLs
  sitemap_products_28.xml: 1000 URLs
  sitemap_products_29.xml: 1000 URLs
  sitemap_products_30.xml: 1000 URLs
  sitemap_products_31.xml: 1000 URLs
  sitemap_products_32.xml: 1000 URLs
  sitemap_products_33.xml: 1000 URLs
  sitemap_products_34.xml: 1000 URLs
  sitemap_products_35.xml: 1000 URLs
  sitemap_products_36.xml: 1000 URLs
  sitemap_products_37.xml: 1000 URLs
  sitemap_products_38.xml: 1000 URLs
  sitemap_products_39.xml: 1000 URLs
  sitemap_products_40.xml: 1000 URLs
  sitemap_products_41.xml: 1000 URLs
  sitemap_products_42.xml: 1000 URLs
  sitemap_products_43.xml: 1000 URLs
  sitemap_products_44.xml: 1000 URLs
  sitemap_products_45.xml: 1000 URLs
  sitemap_products_46.xml: 1000 URLs
  sitemap_products_47.xml: 1000 URLs
  sitemap_products_48.xml: 1000 URLs
  sitemap_products_49.xml: 1000 URLs
  sitemap_products_50.xml: 1000 URLs
  sitemap_products_51.xml: 1000 URLs
  sitemap_products_52.xml: 1000 URLs
  sitemap_products_53.xml: 1000 URLs
  sitemap_products_54.xml: 1000 URLs
  sitemap_products_55.xml: 1000 URLs
  sitemap_products_56.xml: 1000 URLs
  sitemap_products_57.xml: 1000 URLs
  sitemap_products_58.xml: 1000 URLs
  sitemap_products_59.xml: 1000 URLs
  sitemap_products_60.xml: 1000 URLs
  sitemap_products_61.xml: 1000 URLs
  sitemap_products_62.xml: 1000 URLs
  sitemap_products_63.xml: 1000 URLs
  sitemap_products_64.xml: 1000 URLs
  sitemap_products_65.xml: 1000 URLs
  sitemap_products_66.xml: 1000 URLs
  sitemap_products_67.xml: 1000 URLs
  sitemap_products_68.xml: 1000 URLs
  sitemap_products_69.xml: 1000 URLs
  sitemap_products_70.xml: 1000 URLs
  sitemap_products_71.xml: 1000 URLs
  sitemap_products_72.xml: 1000 URLs
  sitemap_products_73.xml: 1000 URLs
  sitemap_products_74.xml: 1000 URLs
  sitemap_products_75.xml: 1000 URLs
  sitemap_products_76.xml: 1000 URLs
  sitemap_products_77.xml: 1000 URLs
  sitemap_products_78.xml: 1000 URLs
  sitemap_products_79.xml: 1000 URLs
  sitemap_products_80.xml: 1000 URLs
  sitemap_products_81.xml: 793 URLs
  sitemap_pages_1.xml: 750 URLs
  sitemap_collections_1.xml: 958 URLs
  sitemap_blogs_1.xml: 143 URLs

Total URLs collected: 82550

=== IndexNow Submission ===
Skipped IndexNow submission because Bull Strap root key file is not live.

=== RESULTS ===
Sitemaps: 85
Total URLs: 82550
IndexNow submitted: 0
=== Bull Strap Crawl Push ===

Root key URL: 301 (https://bullstrap.com/b4f7e2a1c3d5e6f7a8b9c0d1e2f3a4b5.txt)
CDN key URL: 200 (https://cdn.shopify.com/s/files/1/0739/5930/9585/t/5/assets/b4f7e2a1c3d5e6f7a8b9c0d1e2f3a4b5.txt)

IndexNow BLOCKED for Bull Strap: key file is not available at the root domain.
Shopify CDN asset exists, but IndexNow requires a same-host key location.
Needed next step: Cloudflare Worker/root route OR Bing Webmaster Tools API credentials.

Sitemap index: 200, 11226 bytes
Sitemaps found: 86
  sitemap_agentic_discovery.xml: 1 URLs
  sitemap_products_1.xml: 905 URLs
  sitemap_products_2.xml: 1000 URLs
  sitemap_products_3.xml: 1000 URLs
  sitemap_products_4.xml: 1000 URLs
  sitemap_products_5.xml: 1000 URLs
  sitemap_products_6.xml: 1000 URLs
  sitemap_products_7.xml: 1000 URLs
  sitemap_products_8.xml: 1000 URLs
  sitemap_products_9.xml: 1000 URLs
  sitemap_products_10.xml: 1000 URLs
  sitemap_products_11.xml: 1000 URLs
  sitemap_products_12.xml: 1000 URLs
  sitemap_products_13.xml: 1000 URLs
  sitemap_products_14.xml: 1000 URLs
  sitemap_products_15.xml: 1000 URLs
  sitemap_products_16.xml: 1000 URLs
  sitemap_products_17.xml: 1000 URLs
  sitemap_products_18.xml: 1000 URLs
  sitemap_products_19.xml: 1000 URLs
  sitemap_products_20.xml: 1000 URLs
  sitemap_products_21.xml: 1000 URLs
  sitemap_products_22.xml: 1000 URLs
  sitemap_products_23.xml: 1000 URLs
  sitemap_products_24.xml: 1000 URLs
  sitemap_products_25.xml: 1000 URLs
  sitemap_products_26.xml: 1000 URLs
  sitemap_products_27.xml: 1000 URLs
  sitemap_products_28.xml: 1000 URLs
  sitemap_products_29.xml: 1000 URLs
  sitemap_products_30.xml: 1000 URLs
  sitemap_products_31.xml: 1000 URLs
  sitemap_products_32.xml: 1000 URLs
  sitemap_products_33.xml: 1000 URLs
  sitemap_products_34.xml: 1000 URLs
  sitemap_products_35.xml: 1000 URLs
  sitemap_products_36.xml: 1000 URLs
  sitemap_products_37.xml: 1000 URLs
  sitemap_products_38.xml: 1000 URLs
  sitemap_products_39.xml: 1000 URLs
  sitemap_products_40.xml: 1000 URLs
  sitemap_products_41.xml: 1000 URLs
  sitemap_products_42.xml: 1000 URLs
  sitemap_products_43.xml: 1000 URLs
  sitemap_products_44.xml: 1000 URLs
  sitemap_products_45.xml: 1000 URLs
  sitemap_products_46.xml: 1000 URLs
  sitemap_products_47.xml: 1000 URLs
  sitemap_products_48.xml: 1000 URLs
  sitemap_products_49.xml: 1000 URLs
  sitemap_products_50.xml: 1000 URLs
  sitemap_products_51.xml: 1000 URLs
  sitemap_products_52.xml: 1000 URLs
  sitemap_products_53.xml: 1000 URLs
  sitemap_products_54.xml: 1000 URLs
  sitemap_products_55.xml: 1000 URLs
  sitemap_products_56.xml: 1000 URLs
  sitemap_products_57.xml: 1000 URLs
  sitemap_products_58.xml: 1000 URLs
  sitemap_products_59.xml: 1000 URLs
  sitemap_products_60.xml: 1000 URLs
  sitemap_products_61.xml: 1000 URLs
  sitemap_products_62.xml: 1000 URLs
  sitemap_products_63.xml: 1000 URLs
  sitemap_products_64.xml: 1000 URLs
  sitemap_products_65.xml: 1000 URLs
  sitemap_products_66.xml: 1000 URLs
  sitemap_products_67.xml: 1000 URLs
  sitemap_products_68.xml: 1000 URLs
  sitemap_products_69.xml: 1000 URLs
  sitemap_products_70.xml: 1000 URLs
  sitemap_products_71.xml: 1000 URLs
  sitemap_products_72.xml: 1000 URLs
  sitemap_products_73.xml: 1000 URLs
  sitemap_products_74.xml: 1000 URLs
  sitemap_products_75.xml: 1000 URLs
  sitemap_products_76.xml: 1000 URLs
  sitemap_products_77.xml: 1000 URLs
  sitemap_products_78.xml: 1000 URLs
  sitemap_products_79.xml: 1000 URLs
  sitemap_products_80.xml: 1000 URLs
  sitemap_products_81.xml: 1000 URLs
  sitemap_products_82.xml: 87 URLs
  sitemap_pages_1.xml: 750 URLs
  sitemap_collections_1.xml: 958 URLs
  sitemap_blogs_1.xml: 143 URLs

Total URLs collected: 82844

=== IndexNow Submission ===
Skipped IndexNow submission because Bull Strap root key file is not live.

=== RESULTS ===
Sitemaps: 86
Total URLs: 82844
IndexNow submitted: 0
=== Bull Strap Crawl Push ===

Root key URL: 301 (https://bullstrap.com/b4f7e2a1c3d5e6f7a8b9c0d1e2f3a4b5.txt)
CDN key URL: 200 (https://cdn.shopify.com/s/files/1/0739/5930/9585/t/5/assets/b4f7e2a1c3d5e6f7a8b9c0d1e2f3a4b5.txt)

IndexNow BLOCKED for Bull Strap: key file is not available at the root domain.
Shopify CDN asset exists, but IndexNow requires a same-host key location.
Needed next step: Cloudflare Worker/root route OR Bing Webmaster Tools API credentials.

Sitemap index: 200, 11098 bytes
Sitemaps found: 85
  sitemap_agentic_discovery.xml: 1 URLs
  sitemap_products_1.xml: 905 URLs
  sitemap_products_2.xml: 1000 URLs
  sitemap_products_3.xml: 1000 URLs
  sitemap_products_4.xml: 1000 URLs
  sitemap_products_5.xml: 1000 URLs
  sitemap_products_6.xml: 1000 URLs
  sitemap_products_7.xml: 1000 URLs
  sitemap_products_8.xml: 1000 URLs
  sitemap_products_9.xml: 1000 URLs
  sitemap_products_10.xml: 1000 URLs
  sitemap_products_11.xml: 1000 URLs
  sitemap_products_12.xml: 1000 URLs
  sitemap_products_13.xml: 1000 URLs
  sitemap_products_14.xml: 1000 URLs
  sitemap_products_15.xml: 1000 URLs
  sitemap_products_16.xml: 1000 URLs
  sitemap_products_17.xml: 1000 URLs
  sitemap_products_18.xml: 1000 URLs
  sitemap_products_19.xml: 1000 URLs
  sitemap_products_20.xml: 1000 URLs
  sitemap_products_21.xml: 1000 URLs
  sitemap_products_22.xml: 1000 URLs
  sitemap_products_23.xml: 1000 URLs
  sitemap_products_24.xml: 1000 URLs
  sitemap_products_25.xml: 1000 URLs
  sitemap_products_26.xml: 1000 URLs
  sitemap_products_27.xml: 1000 URLs
  sitemap_products_28.xml: 1000 URLs
  sitemap_products_29.xml: 1000 URLs
  sitemap_products_30.xml: 1000 URLs
  sitemap_products_31.xml: 1000 URLs
  sitemap_products_32.xml: 1000 URLs
  sitemap_products_33.xml: 1000 URLs
  sitemap_products_34.xml: 1000 URLs
  sitemap_products_35.xml: 1000 URLs
  sitemap_products_36.xml: 1000 URLs
  sitemap_products_37.xml: 1000 URLs
  sitemap_products_38.xml: 1000 URLs
  sitemap_products_39.xml: 1000 URLs
  sitemap_products_40.xml: 1000 URLs
  sitemap_products_41.xml: 1000 URLs
  sitemap_products_42.xml: 1000 URLs
  sitemap_products_43.xml: 1000 URLs
  sitemap_products_44.xml: 1000 URLs
  sitemap_products_45.xml: 1000 URLs
  sitemap_products_46.xml: 1000 URLs
  sitemap_products_47.xml: 1000 URLs
  sitemap_products_48.xml: 1000 URLs
  sitemap_products_49.xml: 1000 URLs
  sitemap_products_50.xml: 1000 URLs
  sitemap_products_51.xml: 1000 URLs
  sitemap_products_52.xml: 1000 URLs
  sitemap_products_53.xml: 1000 URLs
  sitemap_products_54.xml: 1000 URLs
  sitemap_products_55.xml: 1000 URLs
  sitemap_products_56.xml: 1000 URLs
  sitemap_products_57.xml: 1000 URLs
  sitemap_products_58.xml: 1000 URLs
  sitemap_products_59.xml: 1000 URLs
  sitemap_products_60.xml: 1000 URLs
  sitemap_products_61.xml: 1000 URLs
  sitemap_products_62.xml: 1000 URLs
  sitemap_products_63.xml: 1000 URLs
  sitemap_products_64.xml: 1000 URLs
  sitemap_products_65.xml: 1000 URLs
  sitemap_products_66.xml: 1000 URLs
  sitemap_products_67.xml: 1000 URLs
  sitemap_products_68.xml: 1000 URLs
  sitemap_products_69.xml: 1000 URLs
  sitemap_products_70.xml: 1000 URLs
  sitemap_products_71.xml: 1000 URLs
  sitemap_products_72.xml: 1000 URLs
  sitemap_products_73.xml: 1000 URLs
  sitemap_products_74.xml: 1000 URLs
  sitemap_products_75.xml: 1000 URLs
  sitemap_products_76.xml: 1000 URLs
  sitemap_products_77.xml: 1000 URLs
  sitemap_products_78.xml: 1000 URLs
  sitemap_products_79.xml: 1000 URLs
  sitemap_products_80.xml: 1000 URLs
  sitemap_products_81.xml: 128 URLs
  sitemap_pages_1.xml: 750 URLs
  sitemap_collections_1.xml: 958 URLs
  sitemap_blogs_1.xml: 145 URLs

Total URLs collected: 81887

=== IndexNow Submission ===
Skipped IndexNow submission because Bull Strap root key file is not live.

=== RESULTS ===
Sitemaps: 85
Total URLs: 81887
IndexNow submitted: 0
=== Bull Strap Crawl Push ===

Root key URL: 301 (https://bullstrap.com/b4f7e2a1c3d5e6f7a8b9c0d1e2f3a4b5.txt)
CDN key URL: 200 (https://cdn.shopify.com/s/files/1/0739/5930/9585/t/5/assets/b4f7e2a1c3d5e6f7a8b9c0d1e2f3a4b5.txt)

IndexNow BLOCKED for Bull Strap: key file is not available at the root domain.
Shopify CDN asset exists, but IndexNow requires a same-host key location.
Needed next step: Cloudflare Worker/root route OR Bing Webmaster Tools API credentials.

Sitemap index: 200, 10842 bytes
Sitemaps found: 83
  sitemap_agentic_discovery.xml: 1 URLs
  sitemap_products_1.xml: 905 URLs
  sitemap_products_2.xml: 1000 URLs
  sitemap_products_3.xml: 1000 URLs
  sitemap_products_4.xml: 1000 URLs
  sitemap_products_5.xml: 1000 URLs
  sitemap_products_6.xml: 1000 URLs
  sitemap_products_7.xml: 1000 URLs
  sitemap_products_8.xml: 1000 URLs
  sitemap_products_9.xml: 1000 URLs
  sitemap_products_10.xml: 1000 URLs
  sitemap_products_11.xml: 1000 URLs
  sitemap_products_12.xml: 1000 URLs
  sitemap_products_13.xml: 1000 URLs
  sitemap_products_14.xml: 1000 URLs
  sitemap_products_15.xml: 1000 URLs
  sitemap_products_16.xml: 1000 URLs
  sitemap_products_17.xml: 1000 URLs
  sitemap_products_18.xml: 1000 URLs
  sitemap_products_19.xml: 1000 URLs
  sitemap_products_20.xml: 1000 URLs
  sitemap_products_21.xml: 1000 URLs
  sitemap_products_22.xml: 1000 URLs
  sitemap_products_23.xml: 1000 URLs
  sitemap_products_24.xml: 1000 URLs
  sitemap_products_25.xml: 1000 URLs
  sitemap_products_26.xml: 1000 URLs
  sitemap_products_27.xml: 1000 URLs
  sitemap_products_28.xml: 1000 URLs
  sitemap_products_29.xml: 1000 URLs
  sitemap_products_30.xml: 1000 URLs
  sitemap_products_31.xml: 1000 URLs
  sitemap_products_32.xml: 1000 URLs
  sitemap_products_33.xml: 1000 URLs
  sitemap_products_34.xml: 1000 URLs
  sitemap_products_35.xml: 1000 URLs
  sitemap_products_36.xml: 1000 URLs
  sitemap_products_37.xml: 1000 URLs
  sitemap_products_38.xml: 1000 URLs
  sitemap_products_39.xml: 1000 URLs
  sitemap_products_40.xml: 1000 URLs
  sitemap_products_41.xml: 1000 URLs
  sitemap_products_42.xml: 1000 URLs
  sitemap_products_43.xml: 1000 URLs
  sitemap_products_44.xml: 1000 URLs
  sitemap_products_45.xml: 1000 URLs
  sitemap_products_46.xml: 1000 URLs
  sitemap_products_47.xml: 1000 URLs
  sitemap_products_48.xml: 1000 URLs
  sitemap_products_49.xml: 1000 URLs
  sitemap_products_50.xml: 1000 URLs
  sitemap_products_51.xml: 1000 URLs
  sitemap_products_52.xml: 1000 URLs
  sitemap_products_53.xml: 1000 URLs
  sitemap_products_54.xml: 1000 URLs
  sitemap_products_55.xml: 1000 URLs
  sitemap_products_56.xml: 1000 URLs
  sitemap_products_57.xml: 1000 URLs
  sitemap_products_58.xml: 1000 URLs
  sitemap_products_59.xml: 1000 URLs
  sitemap_products_60.xml: 1000 URLs
  sitemap_products_61.xml: 1000 URLs
  sitemap_products_62.xml: 1000 URLs
  sitemap_products_63.xml: 1000 URLs
  sitemap_products_64.xml: 1000 URLs
  sitemap_products_65.xml: 1000 URLs
  sitemap_products_66.xml: 1000 URLs
  sitemap_products_67.xml: 1000 URLs
  sitemap_products_68.xml: 1000 URLs
  sitemap_products_69.xml: 1000 URLs
  sitemap_products_70.xml: 1000 URLs
  sitemap_products_71.xml: 1000 URLs
  sitemap_products_72.xml: 1000 URLs
  sitemap_products_73.xml: 1000 URLs
  sitemap_products_74.xml: 1000 URLs
  sitemap_products_75.xml: 1000 URLs
  sitemap_products_76.xml: 1000 URLs
  sitemap_products_77.xml: 1000 URLs
  sitemap_products_78.xml: 1000 URLs
  sitemap_products_79.xml: 730 URLs
  sitemap_pages_1.xml: 750 URLs
  sitemap_collections_1.xml: 958 URLs
  sitemap_blogs_1.xml: 151 URLs

Total URLs collected: 80495

=== IndexNow Submission ===
Skipped IndexNow submission because Bull Strap root key file is not live.

=== RESULTS ===
Sitemaps: 83
Total URLs: 80495
IndexNow submitted: 0
=== Bull Strap Crawl Push ===

Root key URL: 301 (https://bullstrap.com/b4f7e2a1c3d5e6f7a8b9c0d1e2f3a4b5.txt)
CDN key URL: 200 (https://cdn.shopify.com/s/files/1/0739/5930/9585/t/5/assets/b4f7e2a1c3d5e6f7a8b9c0d1e2f3a4b5.txt)

IndexNow BLOCKED for Bull Strap: key file is not available at the root domain.
Shopify CDN asset exists, but IndexNow requires a same-host key location.
Needed next step: Cloudflare Worker/root route OR Bing Webmaster Tools API credentials.

Sitemap index: 200, 10714 bytes
Sitemaps found: 82
  sitemap_agentic_discovery.xml: 1 URLs
  sitemap_products_1.xml: 905 URLs
  sitemap_products_2.xml: 1000 URLs
  sitemap_products_3.xml: 1000 URLs
  sitemap_products_4.xml: 1000 URLs
  sitemap_products_5.xml: 1000 URLs
  sitemap_products_6.xml: 1000 URLs
  sitemap_products_7.xml: 1000 URLs
  sitemap_products_8.xml: 1000 URLs
  sitemap_products_9.xml: 1000 URLs
  sitemap_products_10.xml: 1000 URLs
  sitemap_products_11.xml: 1000 URLs
  sitemap_products_12.xml: 1000 URLs
  sitemap_products_13.xml: 1000 URLs
  sitemap_products_14.xml: 1000 URLs
  sitemap_products_15.xml: 1000 URLs
  sitemap_products_16.xml: 1000 URLs
  sitemap_products_17.xml: 1000 URLs
  sitemap_products_18.xml: 1000 URLs
  sitemap_products_19.xml: 1000 URLs
  sitemap_products_20.xml: 1000 URLs
  sitemap_products_21.xml: 1000 URLs
  sitemap_products_22.xml: 1000 URLs
  sitemap_products_23.xml: 1000 URLs
  sitemap_products_24.xml: 1000 URLs
  sitemap_products_25.xml: 1000 URLs
  sitemap_products_26.xml: 1000 URLs
  sitemap_products_27.xml: 1000 URLs
  sitemap_products_28.xml: 1000 URLs
  sitemap_products_29.xml: 1000 URLs
  sitemap_products_30.xml: 1000 URLs
  sitemap_products_31.xml: 1000 URLs
  sitemap_products_32.xml: 1000 URLs
  sitemap_products_33.xml: 1000 URLs
  sitemap_products_34.xml: 1000 URLs
  sitemap_products_35.xml: 1000 URLs
  sitemap_products_36.xml: 1000 URLs
  sitemap_products_37.xml: 1000 URLs
  sitemap_products_38.xml: 1000 URLs
  sitemap_products_39.xml: 1000 URLs
  sitemap_products_40.xml: 1000 URLs
  sitemap_products_41.xml: 1000 URLs
  sitemap_products_42.xml: 1000 URLs
  sitemap_products_43.xml: 1000 URLs
  sitemap_products_44.xml: 1000 URLs
  sitemap_products_45.xml: 1000 URLs
  sitemap_products_46.xml: 1000 URLs
  sitemap_products_47.xml: 1000 URLs
  sitemap_products_48.xml: 1000 URLs
  sitemap_products_49.xml: 1000 URLs
  sitemap_products_50.xml: 1000 URLs
  sitemap_products_51.xml: 1000 URLs
  sitemap_products_52.xml: 1000 URLs
  sitemap_products_53.xml: 1000 URLs
  sitemap_products_54.xml: 1000 URLs
  sitemap_products_55.xml: 1000 URLs
  sitemap_products_56.xml: 1000 URLs
  sitemap_products_57.xml: 1000 URLs
  sitemap_products_58.xml: 1000 URLs
  sitemap_products_59.xml: 1000 URLs
  sitemap_products_60.xml: 1000 URLs
  sitemap_products_61.xml: 1000 URLs
  sitemap_products_62.xml: 1000 URLs
  sitemap_products_63.xml: 1000 URLs
  sitemap_products_64.xml: 1000 URLs
  sitemap_products_65.xml: 1000 URLs
  sitemap_products_66.xml: 1000 URLs
  sitemap_products_67.xml: 1000 URLs
  sitemap_products_68.xml: 1000 URLs
  sitemap_products_69.xml: 1000 URLs
  sitemap_products_70.xml: 1000 URLs
  sitemap_products_71.xml: 1000 URLs
  sitemap_products_72.xml: 1000 URLs
  sitemap_products_73.xml: 1000 URLs
  sitemap_products_74.xml: 1000 URLs
  sitemap_products_75.xml: 1000 URLs
  sitemap_products_76.xml: 1000 URLs
  sitemap_products_77.xml: 1000 URLs
  sitemap_products_78.xml: 669 URLs
  sitemap_pages_1.xml: 750 URLs
  sitemap_collections_1.xml: 958 URLs
  sitemap_blogs_1.xml: 154 URLs

Total URLs collected: 79437

=== IndexNow Submission ===
Skipped IndexNow submission because Bull Strap root key file is not live.

=== RESULTS ===
Sitemaps: 82
Total URLs: 79437
IndexNow submitted: 0
=== Bull Strap Crawl Push ===

Root key URL: 301 (https://bullstrap.com/b4f7e2a1c3d5e6f7a8b9c0d1e2f3a4b5.txt)
CDN key URL: 200 (https://cdn.shopify.com/s/files/1/0739/5930/9585/t/5/assets/b4f7e2a1c3d5e6f7a8b9c0d1e2f3a4b5.txt)

IndexNow BLOCKED for Bull Strap: key file is not available at the root domain.
Shopify CDN asset exists, but IndexNow requires a same-host key location.
Needed next step: Cloudflare Worker/root route OR Bing Webmaster Tools API credentials.

Sitemap index: 200, 10714 bytes
Sitemaps found: 82
  sitemap_agentic_discovery.xml: 1 URLs
  sitemap_products_1.xml: 905 URLs
  sitemap_products_2.xml: 1000 URLs
  sitemap_products_3.xml: 1000 URLs
  sitemap_products_4.xml: 1000 URLs
  sitemap_products_5.xml: 1000 URLs
  sitemap_products_6.xml: 1000 URLs
  sitemap_products_7.xml: 1000 URLs
  sitemap_products_8.xml: 1000 URLs
  sitemap_products_9.xml: 1000 URLs
  sitemap_products_10.xml: 1000 URLs
  sitemap_products_11.xml: 1000 URLs
  sitemap_products_12.xml: 1000 URLs
  sitemap_products_13.xml: 1000 URLs
  sitemap_products_14.xml: 1000 URLs
  sitemap_products_15.xml: 1000 URLs
  sitemap_products_16.xml: 1000 URLs
  sitemap_products_17.xml: 1000 URLs
  sitemap_products_18.xml: 1000 URLs
  sitemap_products_19.xml: 1000 URLs
  sitemap_products_20.xml: 1000 URLs
  sitemap_products_21.xml: 1000 URLs
  sitemap_products_22.xml: 1000 URLs
  sitemap_products_23.xml: 1000 URLs
  sitemap_products_24.xml: 1000 URLs
  sitemap_products_25.xml: 1000 URLs
  sitemap_products_26.xml: 1000 URLs
  sitemap_products_27.xml: 1000 URLs
  sitemap_products_28.xml: 1000 URLs
  sitemap_products_29.xml: 1000 URLs
  sitemap_products_30.xml: 1000 URLs
  sitemap_products_31.xml: 1000 URLs
  sitemap_products_32.xml: 1000 URLs
  sitemap_products_33.xml: 1000 URLs
  sitemap_products_34.xml: 1000 URLs
  sitemap_products_35.xml: 1000 URLs
  sitemap_products_36.xml: 1000 URLs
  sitemap_products_37.xml: 1000 URLs
  sitemap_products_38.xml: 1000 URLs
  sitemap_products_39.xml: 1000 URLs
  sitemap_products_40.xml: 1000 URLs
  sitemap_products_41.xml: 1000 URLs
  sitemap_products_42.xml: 1000 URLs
  sitemap_products_43.xml: 1000 URLs
  sitemap_products_44.xml: 1000 URLs
  sitemap_products_45.xml: 1000 URLs
  sitemap_products_46.xml: 1000 URLs
  sitemap_products_47.xml: 1000 URLs
  sitemap_products_48.xml: 1000 URLs
  sitemap_products_49.xml: 1000 URLs
  sitemap_products_50.xml: 1000 URLs
  sitemap_products_51.xml: 1000 URLs
  sitemap_products_52.xml: 1000 URLs
  sitemap_products_53.xml: 1000 URLs
  sitemap_products_54.xml: 1000 URLs
  sitemap_products_55.xml: 1000 URLs
  sitemap_products_56.xml: 1000 URLs
  sitemap_products_57.xml: 1000 URLs
  sitemap_products_58.xml: 1000 URLs
  sitemap_products_59.xml: 1000 URLs
  sitemap_products_60.xml: 1000 URLs
  sitemap_products_61.xml: 1000 URLs
  sitemap_products_62.xml: 1000 URLs
  sitemap_products_63.xml: 1000 URLs
  sitemap_products_64.xml: 1000 URLs
  sitemap_products_65.xml: 1000 URLs
  sitemap_products_66.xml: 1000 URLs
  sitemap_products_67.xml: 1000 URLs
  sitemap_products_68.xml: 1000 URLs
  sitemap_products_69.xml: 1000 URLs
  sitemap_products_70.xml: 1000 URLs
  sitemap_products_71.xml: 1000 URLs
  sitemap_products_72.xml: 1000 URLs
  sitemap_products_73.xml: 1000 URLs
  sitemap_products_74.xml: 1000 URLs
  sitemap_products_75.xml: 1000 URLs
  sitemap_products_76.xml: 1000 URLs
  sitemap_products_77.xml: 1000 URLs
  sitemap_products_78.xml: 64 URLs
  sitemap_pages_1.xml: 750 URLs
  sitemap_collections_1.xml: 958 URLs
  sitemap_blogs_1.xml: 160 URLs

Total URLs collected: 78838

=== IndexNow Submission ===
Skipped IndexNow submission because Bull Strap root key file is not live.

=== RESULTS ===
Sitemaps: 82
Total URLs: 78838
IndexNow submitted: 0
