node:internal/modules/cjs/loader:1386
  throw err;
  ^

Error: Cannot find module '/home/ubuntu/.openclaw/workspace/sites/indexing-credentials/scripts/bullstrap-gsc-weekly.js'
    at Function._resolveFilename (node:internal/modules/cjs/loader:1383:15)
    at defaultResolveImpl (node:internal/modules/cjs/loader:1025:19)
    at resolveForCJSWithHooks (node:internal/modules/cjs/loader:1030:22)
    at Function._load (node:internal/modules/cjs/loader:1192:37)
    at TracingChannel.traceSync (node:diagnostics_channel:328:14)
    at wrapModuleLoad (node:internal/modules/cjs/loader:237:24)
    at Function.executeUserEntryPoint [as runMain] (node:internal/modules/run_main:171:5)
    at node:internal/main/run_main_module:36:49 {
  code: 'MODULE_NOT_FOUND',
  requireStack: []
}

Node.js v22.22.1
=== BULL STRAP GSC WEEKLY REPORT ===
Date: 2026-08-05
7-day: 39 clicks, 7482 impressions, avg pos 28.1
30-day: 189 clicks, 29505 impressions
vs last week: clicks +8, impressions -191

Top queries: brake hose (2c/9i), brake hose kit (1c/1i), bullstrap (1c/903i), bullstrap returns (1c/3i), bullstrap.com (1c/3i)
